Archive member included to satisfy reference by file (symbol)

d:/programs/atmel/7.0/toolchain/avr8/avr8-gnu-toolchain/bin/../lib/gcc/avr/5.4.0/avr5\libgcc.a(_divmodhi4.o)
                              Heater.o (__divmodhi4)
d:/programs/atmel/7.0/toolchain/avr8/avr8-gnu-toolchain/bin/../lib/gcc/avr/5.4.0/avr5\libgcc.a(_udivmodsi4.o)
                              HAL/LM35/LM35_program.o (__udivmodsi4)
d:/programs/atmel/7.0/toolchain/avr8/avr8-gnu-toolchain/bin/../lib/gcc/avr/5.4.0/avr5\libgcc.a(_exit.o)
                              D:/programs/Atmel/7.0/Packs/atmel/ATmega_DFP/1.7.374/gcc/dev/atmega32/avr5/crtatmega32.o (exit)
d:/programs/atmel/7.0/toolchain/avr8/avr8-gnu-toolchain/bin/../lib/gcc/avr/5.4.0/avr5\libgcc.a(_copy_data.o)
                              HAL/SSD/SSD_program.o (__do_copy_data)
d:/programs/atmel/7.0/toolchain/avr8/avr8-gnu-toolchain/bin/../lib/gcc/avr/5.4.0/avr5\libgcc.a(_clear_bss.o)
                              Heater.o (__do_clear_bss)
d:/programs/atmel/7.0/toolchain/avr8/avr8-gnu-toolchain/bin/../lib/gcc/avr/5.4.0/avr5\libgcc.a(_umulhisi3.o)
                              HAL/LM35/LM35_program.o (__umulhisi3)
d:/programs/atmel/7.0/toolchain/avr8/avr8-gnu-toolchain/bin/../lib/gcc/avr/5.4.0/avr5\libgcc.a(_udivmodhi4.o)
                              d:/programs/atmel/7.0/toolchain/avr8/avr8-gnu-toolchain/bin/../lib/gcc/avr/5.4.0/avr5\libgcc.a(_divmodhi4.o) (__udivmodhi4)

Discarded input sections

 .data          0x00000000        0x0 D:/programs/Atmel/7.0/Packs/atmel/ATmega_DFP/1.7.374/gcc/dev/atmega32/avr5/crtatmega32.o
 .bss           0x00000000        0x0 D:/programs/Atmel/7.0/Packs/atmel/ATmega_DFP/1.7.374/gcc/dev/atmega32/avr5/crtatmega32.o
 .text          0x00000000        0x0 HAL/COOLER/COOLER_program.o
 .data          0x00000000        0x0 HAL/COOLER/COOLER_program.o
 .bss           0x00000000        0x0 HAL/COOLER/COOLER_program.o
 .text          0x00000000        0x0 HAL/HEATER/HEATER_program.o
 .data          0x00000000        0x0 HAL/HEATER/HEATER_program.o
 .bss           0x00000000        0x0 HAL/HEATER/HEATER_program.o
 .text          0x00000000        0x0 HAL/LED/LED_program.o
 .data          0x00000000        0x0 HAL/LED/LED_program.o
 .bss           0x00000000        0x0 HAL/LED/LED_program.o
 .text          0x00000000        0x0 HAL/LM35/LM35_program.o
 .data          0x00000000        0x0 HAL/LM35/LM35_program.o
 .bss           0x00000000        0x0 HAL/LM35/LM35_program.o
 .text.LM35_u8ReadTemperature
                0x00000000       0x3e HAL/LM35/LM35_program.o
 .debug_info    0x00000000      0x12f HAL/LM35/LM35_program.o
 .debug_abbrev  0x00000000       0xa9 HAL/LM35/LM35_program.o
 .debug_loc     0x00000000       0x92 HAL/LM35/LM35_program.o
 .debug_aranges
                0x00000000       0x20 HAL/LM35/LM35_program.o
 .debug_ranges  0x00000000       0x10 HAL/LM35/LM35_program.o
 .debug_line    0x00000000       0x9e HAL/LM35/LM35_program.o
 .debug_str     0x00000000      0x22f HAL/LM35/LM35_program.o
 .comment       0x00000000       0x31 HAL/LM35/LM35_program.o
 .debug_frame   0x00000000       0x34 HAL/LM35/LM35_program.o
 .text          0x00000000        0x0 HAL/SSD/SSD_program.o
 .data          0x00000000        0x0 HAL/SSD/SSD_program.o
 .bss           0x00000000        0x0 HAL/SSD/SSD_program.o
 .text          0x00000000        0x0 HAL/SWITCH/Switch_program.o
 .data          0x00000000        0x0 HAL/SWITCH/Switch_program.o
 .bss           0x00000000        0x0 HAL/SWITCH/Switch_program.o
 .text          0x00000000        0x0 Heater.o
 .data          0x00000000        0x0 Heater.o
 .bss           0x00000000        0x0 Heater.o
 .text          0x00000000        0x0 main.o
 .data          0x00000000        0x0 main.o
 .bss           0x00000000        0x0 main.o
 .text          0x00000000        0x0 MCAL/ADC/ADC_program.o
 .data          0x00000000        0x0 MCAL/ADC/ADC_program.o
 .bss           0x00000000        0x0 MCAL/ADC/ADC_program.o
 .text          0x00000000        0x0 MCAL/DIO/DIO_program.o
 .data          0x00000000        0x0 MCAL/DIO/DIO_program.o
 .bss           0x00000000        0x0 MCAL/DIO/DIO_program.o
 .text.DIO_u8GetPinValue
                0x00000000       0x62 MCAL/DIO/DIO_program.o
 .text.DIO_voidActivePinInternalPUR
                0x00000000       0x70 MCAL/DIO/DIO_program.o
 .text.DIO_voidTogglePortValue
                0x00000000       0x30 MCAL/DIO/DIO_program.o
 .text.DIO_voidGetPortValue
                0x00000000       0x3a MCAL/DIO/DIO_program.o
 .text.DIO_voidActivePortInternalPUR
                0x00000000       0x28 MCAL/DIO/DIO_program.o
 .text          0x00000000        0x0 MCAL/EEPROM/EEPROM_program.o
 .data          0x00000000        0x0 MCAL/EEPROM/EEPROM_program.o
 .bss           0x00000000        0x0 MCAL/EEPROM/EEPROM_program.o
 .text          0x00000000        0x0 MCAL/TIMER/TMR0_program.o
 .data          0x00000000        0x0 MCAL/TIMER/TMR0_program.o
 .bss           0x00000000        0x0 MCAL/TIMER/TMR0_program.o
 .text.TMR0_voidStop
                0x00000000       0x14 MCAL/TIMER/TMR0_program.o
 .text.TMR0_voidSetCallBackOVF
                0x00000000        0x2 MCAL/TIMER/TMR0_program.o
 .text.TMR0_u8GetCounterValue
                0x00000000        0x4 MCAL/TIMER/TMR0_program.o
 .text.TMR0_voidSetCounterValue
                0x00000000        0x4 MCAL/TIMER/TMR0_program.o
 .text          0x00000000        0x0 d:/programs/atmel/7.0/toolchain/avr8/avr8-gnu-toolchain/bin/../lib/gcc/avr/5.4.0/avr5\libgcc.a(_divmodhi4.o)
 .data          0x00000000        0x0 d:/programs/atmel/7.0/toolchain/avr8/avr8-gnu-toolchain/bin/../lib/gcc/avr/5.4.0/avr5\libgcc.a(_divmodhi4.o)
 .bss           0x00000000        0x0 d:/programs/atmel/7.0/toolchain/avr8/avr8-gnu-toolchain/bin/../lib/gcc/avr/5.4.0/avr5\libgcc.a(_divmodhi4.o)
 .text.libgcc.mul
                0x00000000        0x0 d:/programs/atmel/7.0/toolchain/avr8/avr8-gnu-toolchain/bin/../lib/gcc/avr/5.4.0/avr5\libgcc.a(_divmodhi4.o)
 .text.libgcc   0x00000000        0x0 d:/programs/atmel/7.0/toolchain/avr8/avr8-gnu-toolchain/bin/../lib/gcc/avr/5.4.0/avr5\libgcc.a(_divmodhi4.o)
 .text.libgcc.prologue
                0x00000000        0x0 d:/programs/atmel/7.0/toolchain/avr8/avr8-gnu-toolchain/bin/../lib/gcc/avr/5.4.0/avr5\libgcc.a(_divmodhi4.o)
 .text.libgcc.builtins
                0x00000000        0x0 d:/programs/atmel/7.0/toolchain/avr8/avr8-gnu-toolchain/bin/../lib/gcc/avr/5.4.0/avr5\libgcc.a(_divmodhi4.o)
 .text.libgcc.fmul
                0x00000000        0x0 d:/programs/atmel/7.0/toolchain/avr8/avr8-gnu-toolchain/bin/../lib/gcc/avr/5.4.0/avr5\libgcc.a(_divmodhi4.o)
 .text.libgcc.fixed
                0x00000000        0x0 d:/programs/atmel/7.0/toolchain/avr8/avr8-gnu-toolchain/bin/../lib/gcc/avr/5.4.0/avr5\libgcc.a(_divmodhi4.o)
 .text          0x00000000        0x0 d:/programs/atmel/7.0/toolchain/avr8/avr8-gnu-toolchain/bin/../lib/gcc/avr/5.4.0/avr5\libgcc.a(_udivmodsi4.o)
 .data          0x00000000        0x0 d:/programs/atmel/7.0/toolchain/avr8/avr8-gnu-toolchain/bin/../lib/gcc/avr/5.4.0/avr5\libgcc.a(_udivmodsi4.o)
 .bss           0x00000000        0x0 d:/programs/atmel/7.0/toolchain/avr8/avr8-gnu-toolchain/bin/../lib/gcc/avr/5.4.0/avr5\libgcc.a(_udivmodsi4.o)
 .text.libgcc.mul
                0x00000000        0x0 d:/programs/atmel/7.0/toolchain/avr8/avr8-gnu-toolchain/bin/../lib/gcc/avr/5.4.0/avr5\libgcc.a(_udivmodsi4.o)
 .text.libgcc   0x00000000        0x0 d:/programs/atmel/7.0/toolchain/avr8/avr8-gnu-toolchain/bin/../lib/gcc/avr/5.4.0/avr5\libgcc.a(_udivmodsi4.o)
 .text.libgcc.prologue
                0x00000000        0x0 d:/programs/atmel/7.0/toolchain/avr8/avr8-gnu-toolchain/bin/../lib/gcc/avr/5.4.0/avr5\libgcc.a(_udivmodsi4.o)
 .text.libgcc.builtins
                0x00000000        0x0 d:/programs/atmel/7.0/toolchain/avr8/avr8-gnu-toolchain/bin/../lib/gcc/avr/5.4.0/avr5\libgcc.a(_udivmodsi4.o)
 .text.libgcc.fmul
                0x00000000        0x0 d:/programs/atmel/7.0/toolchain/avr8/avr8-gnu-toolchain/bin/../lib/gcc/avr/5.4.0/avr5\libgcc.a(_udivmodsi4.o)
 .text.libgcc.fixed
                0x00000000        0x0 d:/programs/atmel/7.0/toolchain/avr8/avr8-gnu-toolchain/bin/../lib/gcc/avr/5.4.0/avr5\libgcc.a(_udivmodsi4.o)
 .text          0x00000000        0x0 d:/programs/atmel/7.0/toolchain/avr8/avr8-gnu-toolchain/bin/../lib/gcc/avr/5.4.0/avr5\libgcc.a(_exit.o)
 .data          0x00000000        0x0 d:/programs/atmel/7.0/toolchain/avr8/avr8-gnu-toolchain/bin/../lib/gcc/avr/5.4.0/avr5\libgcc.a(_exit.o)
 .bss           0x00000000        0x0 d:/programs/atmel/7.0/toolchain/avr8/avr8-gnu-toolchain/bin/../lib/gcc/avr/5.4.0/avr5\libgcc.a(_exit.o)
 .text.libgcc.mul
                0x00000000        0x0 d:/programs/atmel/7.0/toolchain/avr8/avr8-gnu-toolchain/bin/../lib/gcc/avr/5.4.0/avr5\libgcc.a(_exit.o)
 .text.libgcc.div
                0x00000000        0x0 d:/programs/atmel/7.0/toolchain/avr8/avr8-gnu-toolchain/bin/../lib/gcc/avr/5.4.0/avr5\libgcc.a(_exit.o)
 .text.libgcc   0x00000000        0x0 d:/programs/atmel/7.0/toolchain/avr8/avr8-gnu-toolchain/bin/../lib/gcc/avr/5.4.0/avr5\libgcc.a(_exit.o)
 .text.libgcc.prologue
                0x00000000        0x0 d:/programs/atmel/7.0/toolchain/avr8/avr8-gnu-toolchain/bin/../lib/gcc/avr/5.4.0/avr5\libgcc.a(_exit.o)
 .text.libgcc.builtins
                0x00000000        0x0 d:/programs/atmel/7.0/toolchain/avr8/avr8-gnu-toolchain/bin/../lib/gcc/avr/5.4.0/avr5\libgcc.a(_exit.o)
 .text.libgcc.fmul
                0x00000000        0x0 d:/programs/atmel/7.0/toolchain/avr8/avr8-gnu-toolchain/bin/../lib/gcc/avr/5.4.0/avr5\libgcc.a(_exit.o)
 .text.libgcc.fixed
                0x00000000        0x0 d:/programs/atmel/7.0/toolchain/avr8/avr8-gnu-toolchain/bin/../lib/gcc/avr/5.4.0/avr5\libgcc.a(_exit.o)
 .text          0x00000000        0x0 d:/programs/atmel/7.0/toolchain/avr8/avr8-gnu-toolchain/bin/../lib/gcc/avr/5.4.0/avr5\libgcc.a(_copy_data.o)
 .data          0x00000000        0x0 d:/programs/atmel/7.0/toolchain/avr8/avr8-gnu-toolchain/bin/../lib/gcc/avr/5.4.0/avr5\libgcc.a(_copy_data.o)
 .bss           0x00000000        0x0 d:/programs/atmel/7.0/toolchain/avr8/avr8-gnu-toolchain/bin/../lib/gcc/avr/5.4.0/avr5\libgcc.a(_copy_data.o)
 .text.libgcc.mul
                0x00000000        0x0 d:/programs/atmel/7.0/toolchain/avr8/avr8-gnu-toolchain/bin/../lib/gcc/avr/5.4.0/avr5\libgcc.a(_copy_data.o)
 .text.libgcc.div
                0x00000000        0x0 d:/programs/atmel/7.0/toolchain/avr8/avr8-gnu-toolchain/bin/../lib/gcc/avr/5.4.0/avr5\libgcc.a(_copy_data.o)
 .text.libgcc   0x00000000        0x0 d:/programs/atmel/7.0/toolchain/avr8/avr8-gnu-toolchain/bin/../lib/gcc/avr/5.4.0/avr5\libgcc.a(_copy_data.o)
 .text.libgcc.prologue
                0x00000000        0x0 d:/programs/atmel/7.0/toolchain/avr8/avr8-gnu-toolchain/bin/../lib/gcc/avr/5.4.0/avr5\libgcc.a(_copy_data.o)
 .text.libgcc.builtins
                0x00000000        0x0 d:/programs/atmel/7.0/toolchain/avr8/avr8-gnu-toolchain/bin/../lib/gcc/avr/5.4.0/avr5\libgcc.a(_copy_data.o)
 .text.libgcc.fmul
                0x00000000        0x0 d:/programs/atmel/7.0/toolchain/avr8/avr8-gnu-toolchain/bin/../lib/gcc/avr/5.4.0/avr5\libgcc.a(_copy_data.o)
 .text.libgcc.fixed
                0x00000000        0x0 d:/programs/atmel/7.0/toolchain/avr8/avr8-gnu-toolchain/bin/../lib/gcc/avr/5.4.0/avr5\libgcc.a(_copy_data.o)
 .text          0x00000000        0x0 d:/programs/atmel/7.0/toolchain/avr8/avr8-gnu-toolchain/bin/../lib/gcc/avr/5.4.0/avr5\libgcc.a(_clear_bss.o)
 .data          0x00000000        0x0 d:/programs/atmel/7.0/toolchain/avr8/avr8-gnu-toolchain/bin/../lib/gcc/avr/5.4.0/avr5\libgcc.a(_clear_bss.o)
 .bss           0x00000000        0x0 d:/programs/atmel/7.0/toolchain/avr8/avr8-gnu-toolchain/bin/../lib/gcc/avr/5.4.0/avr5\libgcc.a(_clear_bss.o)
 .text.libgcc.mul
                0x00000000        0x0 d:/programs/atmel/7.0/toolchain/avr8/avr8-gnu-toolchain/bin/../lib/gcc/avr/5.4.0/avr5\libgcc.a(_clear_bss.o)
 .text.libgcc.div
                0x00000000        0x0 d:/programs/atmel/7.0/toolchain/avr8/avr8-gnu-toolchain/bin/../lib/gcc/avr/5.4.0/avr5\libgcc.a(_clear_bss.o)
 .text.libgcc   0x00000000        0x0 d:/programs/atmel/7.0/toolchain/avr8/avr8-gnu-toolchain/bin/../lib/gcc/avr/5.4.0/avr5\libgcc.a(_clear_bss.o)
 .text.libgcc.prologue
                0x00000000        0x0 d:/programs/atmel/7.0/toolchain/avr8/avr8-gnu-toolchain/bin/../lib/gcc/avr/5.4.0/avr5\libgcc.a(_clear_bss.o)
 .text.libgcc.builtins
                0x00000000        0x0 d:/programs/atmel/7.0/toolchain/avr8/avr8-gnu-toolchain/bin/../lib/gcc/avr/5.4.0/avr5\libgcc.a(_clear_bss.o)
 .text.libgcc.fmul
                0x00000000        0x0 d:/programs/atmel/7.0/toolchain/avr8/avr8-gnu-toolchain/bin/../lib/gcc/avr/5.4.0/avr5\libgcc.a(_clear_bss.o)
 .text.libgcc.fixed
                0x00000000        0x0 d:/programs/atmel/7.0/toolchain/avr8/avr8-gnu-toolchain/bin/../lib/gcc/avr/5.4.0/avr5\libgcc.a(_clear_bss.o)
 .text          0x00000000        0x0 d:/programs/atmel/7.0/toolchain/avr8/avr8-gnu-toolchain/bin/../lib/gcc/avr/5.4.0/avr5\libgcc.a(_umulhisi3.o)
 .data          0x00000000        0x0 d:/programs/atmel/7.0/toolchain/avr8/avr8-gnu-toolchain/bin/../lib/gcc/avr/5.4.0/avr5\libgcc.a(_umulhisi3.o)
 .bss           0x00000000        0x0 d:/programs/atmel/7.0/toolchain/avr8/avr8-gnu-toolchain/bin/../lib/gcc/avr/5.4.0/avr5\libgcc.a(_umulhisi3.o)
 .text.libgcc.div
                0x00000000        0x0 d:/programs/atmel/7.0/toolchain/avr8/avr8-gnu-toolchain/bin/../lib/gcc/avr/5.4.0/avr5\libgcc.a(_umulhisi3.o)
 .text.libgcc   0x00000000        0x0 d:/programs/atmel/7.0/toolchain/avr8/avr8-gnu-toolchain/bin/../lib/gcc/avr/5.4.0/avr5\libgcc.a(_umulhisi3.o)
 .text.libgcc.prologue
                0x00000000        0x0 d:/programs/atmel/7.0/toolchain/avr8/avr8-gnu-toolchain/bin/../lib/gcc/avr/5.4.0/avr5\libgcc.a(_umulhisi3.o)
 .text.libgcc.builtins
                0x00000000        0x0 d:/programs/atmel/7.0/toolchain/avr8/avr8-gnu-toolchain/bin/../lib/gcc/avr/5.4.0/avr5\libgcc.a(_umulhisi3.o)
 .text.libgcc.fmul
                0x00000000        0x0 d:/programs/atmel/7.0/toolchain/avr8/avr8-gnu-toolchain/bin/../lib/gcc/avr/5.4.0/avr5\libgcc.a(_umulhisi3.o)
 .text.libgcc.fixed
                0x00000000        0x0 d:/programs/atmel/7.0/toolchain/avr8/avr8-gnu-toolchain/bin/../lib/gcc/avr/5.4.0/avr5\libgcc.a(_umulhisi3.o)
 .text          0x00000000        0x0 d:/programs/atmel/7.0/toolchain/avr8/avr8-gnu-toolchain/bin/../lib/gcc/avr/5.4.0/avr5\libgcc.a(_udivmodhi4.o)
 .data          0x00000000        0x0 d:/programs/atmel/7.0/toolchain/avr8/avr8-gnu-toolchain/bin/../lib/gcc/avr/5.4.0/avr5\libgcc.a(_udivmodhi4.o)
 .bss           0x00000000        0x0 d:/programs/atmel/7.0/toolchain/avr8/avr8-gnu-toolchain/bin/../lib/gcc/avr/5.4.0/avr5\libgcc.a(_udivmodhi4.o)
 .text.libgcc.mul
                0x00000000        0x0 d:/programs/atmel/7.0/toolchain/avr8/avr8-gnu-toolchain/bin/../lib/gcc/avr/5.4.0/avr5\libgcc.a(_udivmodhi4.o)
 .text.libgcc   0x00000000        0x0 d:/programs/atmel/7.0/toolchain/avr8/avr8-gnu-toolchain/bin/../lib/gcc/avr/5.4.0/avr5\libgcc.a(_udivmodhi4.o)
 .text.libgcc.prologue
                0x00000000        0x0 d:/programs/atmel/7.0/toolchain/avr8/avr8-gnu-toolchain/bin/../lib/gcc/avr/5.4.0/avr5\libgcc.a(_udivmodhi4.o)
 .text.libgcc.builtins
                0x00000000        0x0 d:/programs/atmel/7.0/toolchain/avr8/avr8-gnu-toolchain/bin/../lib/gcc/avr/5.4.0/avr5\libgcc.a(_udivmodhi4.o)
 .text.libgcc.fmul
                0x00000000        0x0 d:/programs/atmel/7.0/toolchain/avr8/avr8-gnu-toolchain/bin/../lib/gcc/avr/5.4.0/avr5\libgcc.a(_udivmodhi4.o)
 .text.libgcc.fixed
                0x00000000        0x0 d:/programs/atmel/7.0/toolchain/avr8/avr8-gnu-toolchain/bin/../lib/gcc/avr/5.4.0/avr5\libgcc.a(_udivmodhi4.o)

Memory Configuration

Name             Origin             Length             Attributes
text             0x00000000         0x00008000         xr
data             0x00800060         0x00000800         rw !x
eeprom           0x00810000         0x00000400         rw !x
fuse             0x00820000         0x00000002         rw !x
lock             0x00830000         0x00000400         rw !x
signature        0x00840000         0x00000400         rw !x
user_signatures  0x00850000         0x00000400         rw !x
*default*        0x00000000         0xffffffff

Linker script and memory map

LOAD D:/programs/Atmel/7.0/Packs/atmel/ATmega_DFP/1.7.374/gcc/dev/atmega32/avr5/crtatmega32.o
LOAD HAL/COOLER/COOLER_program.o
LOAD HAL/HEATER/HEATER_program.o
LOAD HAL/LED/LED_program.o
LOAD HAL/LM35/LM35_program.o
LOAD HAL/SSD/SSD_program.o
LOAD HAL/SWITCH/Switch_program.o
LOAD Heater.o
LOAD main.o
LOAD MCAL/ADC/ADC_program.o
LOAD MCAL/DIO/DIO_program.o
LOAD MCAL/EEPROM/EEPROM_program.o
LOAD MCAL/TIMER/TMR0_program.o
START GROUP
LOAD d:/programs/atmel/7.0/toolchain/avr8/avr8-gnu-toolchain/bin/../lib/gcc/avr/5.4.0/../../../../avr/lib/avr5\libm.a
END GROUP
START GROUP
LOAD d:/programs/atmel/7.0/toolchain/avr8/avr8-gnu-toolchain/bin/../lib/gcc/avr/5.4.0/avr5\libgcc.a
LOAD d:/programs/atmel/7.0/toolchain/avr8/avr8-gnu-toolchain/bin/../lib/gcc/avr/5.4.0/../../../../avr/lib/avr5\libm.a
LOAD d:/programs/atmel/7.0/toolchain/avr8/avr8-gnu-toolchain/bin/../lib/gcc/avr/5.4.0/../../../../avr/lib/avr5\libc.a
LOAD D:/programs/Atmel/7.0/Packs/atmel/ATmega_DFP/1.7.374/gcc/dev/atmega32/avr5\libatmega32.a
END GROUP
                0x00000000                __TEXT_REGION_ORIGIN__ = DEFINED (__TEXT_REGION_ORIGIN__)?__TEXT_REGION_ORIGIN__:0x0
                [0x00800060]                __DATA_REGION_ORIGIN__ = DEFINED (__DATA_REGION_ORIGIN__)?__DATA_REGION_ORIGIN__:0x800060
                [0x00008000]                __TEXT_REGION_LENGTH__ = DEFINED (__TEXT_REGION_LENGTH__)?__TEXT_REGION_LENGTH__:0x20000
                [0x00000800]                __DATA_REGION_LENGTH__ = DEFINED (__DATA_REGION_LENGTH__)?__DATA_REGION_LENGTH__:0xffa0
                [0x00000400]                __EEPROM_REGION_LENGTH__ = DEFINED (__EEPROM_REGION_LENGTH__)?__EEPROM_REGION_LENGTH__:0x10000
                [0x00000002]                __FUSE_REGION_LENGTH__ = DEFINED (__FUSE_REGION_LENGTH__)?__FUSE_REGION_LENGTH__:0x400
                0x00000400                __LOCK_REGION_LENGTH__ = DEFINED (__LOCK_REGION_LENGTH__)?__LOCK_REGION_LENGTH__:0x400
                0x00000400                __SIGNATURE_REGION_LENGTH__ = DEFINED (__SIGNATURE_REGION_LENGTH__)?__SIGNATURE_REGION_LENGTH__:0x400
                0x00000400                __USER_SIGNATURE_REGION_LENGTH__ = DEFINED (__USER_SIGNATURE_REGION_LENGTH__)?__USER_SIGNATURE_REGION_LENGTH__:0x400

.hash
 *(.hash)

.dynsym
 *(.dynsym)

.dynstr
 *(.dynstr)

.gnu.version
 *(.gnu.version)

.gnu.version_d
 *(.gnu.version_d)

.gnu.version_r
 *(.gnu.version_r)

.rel.init
 *(.rel.init)

.rela.init
 *(.rela.init)

.rel.text
 *(.rel.text)
 *(.rel.text.*)
 *(.rel.gnu.linkonce.t*)

.rela.text
 *(.rela.text)
 *(.rela.text.*)
 *(.rela.gnu.linkonce.t*)

.rel.fini
 *(.rel.fini)

.rela.fini
 *(.rela.fini)

.rel.rodata
 *(.rel.rodata)
 *(.rel.rodata.*)
 *(.rel.gnu.linkonce.r*)

.rela.rodata
 *(.rela.rodata)
 *(.rela.rodata.*)
 *(.rela.gnu.linkonce.r*)

.rel.data
 *(.rel.data)
 *(.rel.data.*)
 *(.rel.gnu.linkonce.d*)

.rela.data
 *(.rela.data)
 *(.rela.data.*)
 *(.rela.gnu.linkonce.d*)

.rel.ctors
 *(.rel.ctors)

.rela.ctors
 *(.rela.ctors)

.rel.dtors
 *(.rel.dtors)

.rela.dtors
 *(.rela.dtors)

.rel.got
 *(.rel.got)

.rela.got
 *(.rela.got)

.rel.bss
 *(.rel.bss)

.rela.bss
 *(.rela.bss)

.rel.plt
 *(.rel.plt)

.rela.plt
 *(.rela.plt)

.text           0x00000000      0xc52
 *(.vectors)
 .vectors       0x00000000       0x54 D:/programs/Atmel/7.0/Packs/atmel/ATmega_DFP/1.7.374/gcc/dev/atmega32/avr5/crtatmega32.o
                0x00000000                __vector_default
                0x00000000                __vectors
 *(.vectors)
 *(.progmem.gcc*)
                0x00000054                . = ALIGN (0x2)
                0x00000054                __trampolines_start = .
 *(.trampolines)
 .trampolines   0x00000054        0x0 linker stubs
 *(.trampolines*)
                0x00000054                __trampolines_end = .
 *libprintf_flt.a:*(.progmem.data)
 *libc.a:*(.progmem.data)
 *(.progmem*)
                0x00000054                . = ALIGN (0x2)
 *(.jumptables)
 *(.jumptables*)
 *(.lowtext)
 *(.lowtext*)
                0x00000054                __ctors_start = .
 *(.ctors)
                0x00000054                __ctors_end = .
                0x00000054                __dtors_start = .
 *(.dtors)
                0x00000054                __dtors_end = .
 SORT(*)(.ctors)
 SORT(*)(.dtors)
 *(.init0)
 .init0         0x00000054        0x0 D:/programs/Atmel/7.0/Packs/atmel/ATmega_DFP/1.7.374/gcc/dev/atmega32/avr5/crtatmega32.o
                0x00000054                __init
 *(.init0)
 *(.init1)
 *(.init1)
 *(.init2)
 .init2         0x00000054        0xc D:/programs/Atmel/7.0/Packs/atmel/ATmega_DFP/1.7.374/gcc/dev/atmega32/avr5/crtatmega32.o
 *(.init2)
 *(.init3)
 *(.init3)
 *(.init4)
 .init4         0x00000060       0x16 d:/programs/atmel/7.0/toolchain/avr8/avr8-gnu-toolchain/bin/../lib/gcc/avr/5.4.0/avr5\libgcc.a(_copy_data.o)
                0x00000060                __do_copy_data
 .init4         0x00000076       0x10 d:/programs/atmel/7.0/toolchain/avr8/avr8-gnu-toolchain/bin/../lib/gcc/avr/5.4.0/avr5\libgcc.a(_clear_bss.o)
                0x00000076                __do_clear_bss
 *(.init4)
 *(.init5)
 *(.init5)
 *(.init6)
 *(.init6)
 *(.init7)
 *(.init7)
 *(.init8)
 *(.init8)
 *(.init9)
 .init9         0x00000086        0x8 D:/programs/Atmel/7.0/Packs/atmel/ATmega_DFP/1.7.374/gcc/dev/atmega32/avr5/crtatmega32.o
 *(.init9)
 *(.text)
 .text          0x0000008e        0x4 D:/programs/Atmel/7.0/Packs/atmel/ATmega_DFP/1.7.374/gcc/dev/atmega32/avr5/crtatmega32.o
                0x0000008e                __vector_1
                0x0000008e                __vector_12
                0x0000008e                __bad_interrupt
                0x0000008e                __vector_6
                0x0000008e                __vector_3
                0x0000008e                __vector_11
                0x0000008e                __vector_13
                0x0000008e                __vector_17
                0x0000008e                __vector_19
                0x0000008e                __vector_7
                0x0000008e                __vector_5
                0x0000008e                __vector_4
                0x0000008e                __vector_9
                0x0000008e                __vector_2
                0x0000008e                __vector_15
                0x0000008e                __vector_8
                0x0000008e                __vector_14
                0x0000008e                __vector_10
                0x0000008e                __vector_16
                0x0000008e                __vector_18
                0x0000008e                __vector_20
                0x00000092                . = ALIGN (0x2)
 *(.text.*)
 .text.COOLER_voidOn
                0x00000092        0xc HAL/COOLER/COOLER_program.o
                0x00000092                COOLER_voidOn
 .text.COOLER_voidOff
                0x0000009e        0xc HAL/COOLER/COOLER_program.o
                0x0000009e                COOLER_voidOff
 .text.COOLER_voidInit
                0x000000aa       0x10 HAL/COOLER/COOLER_program.o
                0x000000aa                COOLER_voidInit
 .text.HEATER_voidOn
                0x000000ba        0xc HAL/HEATER/HEATER_program.o
                0x000000ba                HEATER_voidOn
 .text.HEATER_voidOff
                0x000000c6        0xc HAL/HEATER/HEATER_program.o
                0x000000c6                HEATER_voidOff
 .text.HEATER_voidInit
                0x000000d2       0x10 HAL/HEATER/HEATER_program.o
                0x000000d2                HEATER_voidInit
 .text.LED_voidInit
                0x000000e2        0x8 HAL/LED/LED_program.o
                0x000000e2                LED_voidInit
 .text.LED_voidOn
                0x000000ea       0x1a HAL/LED/LED_program.o
                0x000000ea                LED_voidOn
 .text.LED_voidOff
                0x00000104       0x1a HAL/LED/LED_program.o
                0x00000104                LED_voidOff
 .text.LED_voidToggle
                0x0000011e        0x6 HAL/LED/LED_program.o
                0x0000011e                LED_voidToggle
 .text.SSD_voidInit
                0x00000124       0x26 HAL/SSD/SSD_program.o
                0x00000124                SSD_voidInit
 .text.SSD_voidDisplayVariable
                0x0000014a       0x40 HAL/SSD/SSD_program.o
                0x0000014a                SSD_voidDisplayVariable
 .text.Switch_voidInit
                0x0000018a        0x8 HAL/SWITCH/Switch_program.o
                0x0000018a                Switch_voidInit
 .text.Switch_voidGetStatus
                0x00000192       0x66 HAL/SWITCH/Switch_program.o
                0x00000192                Switch_voidGetStatus
 .text.voidInit
                0x000001f8       0x62 Heater.o
                0x000001f8                voidInit
 .text.voidUpdateMillis
                0x0000025a       0x4a Heater.o
                0x0000025a                voidUpdateMillis
 .text.u32GetMillis
                0x000002a4       0x12 Heater.o
                0x000002a4                u32GetMillis
 .text.voidOnOffBehaviour
                0x000002b6       0x80 Heater.o
                0x000002b6                voidOnOffBehaviour
 .text.voidTempSetting
                0x00000336      0x132 Heater.o
                0x00000336                voidTempSetting
 .text.voidHeatingCoolingElements
                0x00000468       0xf0 Heater.o
                0x00000468                voidHeatingCoolingElements
 .text.voidDisplayTemp
                0x00000558      0x10c Heater.o
                0x00000558                voidDisplayTemp
 .text.voidUpdateTemperature
                0x00000664       0xec Heater.o
                0x00000664                voidUpdateTemperature
 .text.u8GetSystemState
                0x00000750        0x6 Heater.o
                0x00000750                u8GetSystemState
 .text.main     0x00000756       0x32 main.o
                0x00000756                main
 .text.ADC_voidInit
                0x00000788       0x66 MCAL/ADC/ADC_program.o
                0x00000788                ADC_voidInit
 .text.ADC_voidGetDigitalValue
                0x000007ee       0x32 MCAL/ADC/ADC_program.o
                0x000007ee                ADC_voidGetDigitalValue
 .text.DIO_voidSetPinDirection
                0x00000820       0xe2 MCAL/DIO/DIO_program.o
                0x00000820                DIO_voidSetPinDirection
 .text.DIO_voidSetPinValue
                0x00000902       0xe2 MCAL/DIO/DIO_program.o
                0x00000902                DIO_voidSetPinValue
 .text.DIO_voidTogglePinValue
                0x000009e4       0x68 MCAL/DIO/DIO_program.o
                0x000009e4                DIO_voidTogglePinValue
 .text.DIO_voidGetPinValue
                0x00000a4c       0x76 MCAL/DIO/DIO_program.o
                0x00000a4c                DIO_voidGetPinValue
 .text.DIO_voidSetPortDirection
                0x00000ac2       0x50 MCAL/DIO/DIO_program.o
                0x00000ac2                DIO_voidSetPortDirection
 .text.DIO_voidSetPortValue
                0x00000b12       0x20 MCAL/DIO/DIO_program.o
                0x00000b12                DIO_voidSetPortValue
 .text.EEPROM_voidWriteByte
                0x00000b32       0x18 MCAL/EEPROM/EEPROM_program.o
                0x00000b32                EEPROM_voidWriteByte
 .text.EEPROM_voidReadByte
                0x00000b4a       0x12 MCAL/EEPROM/EEPROM_program.o
                0x00000b4a                EEPROM_voidReadByte
 .text.TMR0_voidInit
                0x00000b5c       0x12 MCAL/TIMER/TMR0_program.o
                0x00000b5c                TMR0_voidInit
 .text.TMR0_voidStart
                0x00000b6e       0x14 MCAL/TIMER/TMR0_program.o
                0x00000b6e                TMR0_voidStart
 .text.TMR0_u8GetOverflowFlag
                0x00000b82       0x12 MCAL/TIMER/TMR0_program.o
                0x00000b82                TMR0_u8GetOverflowFlag
 .text.TMR0_voidClearOverflowFlag
                0x00000b94        0x8 MCAL/TIMER/TMR0_program.o
                0x00000b94                TMR0_voidClearOverflowFlag
 .text.libgcc.div
                0x00000b9c       0x28 d:/programs/atmel/7.0/toolchain/avr8/avr8-gnu-toolchain/bin/../lib/gcc/avr/5.4.0/avr5\libgcc.a(_divmodhi4.o)
                0x00000b9c                _div
                0x00000b9c                __divmodhi4
 .text.libgcc.div
                0x00000bc4       0x44 d:/programs/atmel/7.0/toolchain/avr8/avr8-gnu-toolchain/bin/../lib/gcc/avr/5.4.0/avr5\libgcc.a(_udivmodsi4.o)
                0x00000bc4                __udivmodsi4
 .text.libgcc.mul
                0x00000c08       0x1e d:/programs/atmel/7.0/toolchain/avr8/avr8-gnu-toolchain/bin/../lib/gcc/avr/5.4.0/avr5\libgcc.a(_umulhisi3.o)
                0x00000c08                __umulhisi3
 .text.libgcc.div
                0x00000c26       0x28 d:/programs/atmel/7.0/toolchain/avr8/avr8-gnu-toolchain/bin/../lib/gcc/avr/5.4.0/avr5\libgcc.a(_udivmodhi4.o)
                0x00000c26                __udivmodhi4
                0x00000c4e                . = ALIGN (0x2)
 *(.fini9)
 .fini9         0x00000c4e        0x0 d:/programs/atmel/7.0/toolchain/avr8/avr8-gnu-toolchain/bin/../lib/gcc/avr/5.4.0/avr5\libgcc.a(_exit.o)
                0x00000c4e                _exit
                0x00000c4e                exit
 *(.fini9)
 *(.fini8)
 *(.fini8)
 *(.fini7)
 *(.fini7)
 *(.fini6)
 *(.fini6)
 *(.fini5)
 *(.fini5)
 *(.fini4)
 *(.fini4)
 *(.fini3)
 *(.fini3)
 *(.fini2)
 *(.fini2)
 *(.fini1)
 *(.fini1)
 *(.fini0)
 .fini0         0x00000c4e        0x4 d:/programs/atmel/7.0/toolchain/avr8/avr8-gnu-toolchain/bin/../lib/gcc/avr/5.4.0/avr5\libgcc.a(_exit.o)
 *(.fini0)
                0x00000c52                _etext = .

.data           0x00800060        0xe load address 0x00000c52
                0x00800060                PROVIDE (__data_start, .)
 *(.data)
 *(.data*)
 .data.static_u8DisplayBlinkState
                0x00800060        0x1 Heater.o
 .data.static_u8CurrentTemp
                0x00800061        0x1 Heater.o
 .data.static_u8SetTemp
                0x00800062        0x1 Heater.o
 *(.gnu.linkonce.d*)
 *(.rodata)
 *(.rodata*)
 .rodata.PRV_Numbers
                0x00800063        0xa HAL/SSD/SSD_program.o
 *(.gnu.linkonce.r*)
                0x0080006e                . = ALIGN (0x2)
 *fill*         0x0080006d        0x1 
                0x0080006e                _edata = .
                0x0080006e                PROVIDE (__data_end, .)

.bss            0x0080006e       0x26
                0x0080006e                PROVIDE (__bss_start, .)
 *(.bss)
 *(.bss*)
 .bss.static_u32LastLEDToggle.1750
                0x0080006e        0x4 Heater.o
 .bss.static_u8DownPreviousState.1744
                0x00800072        0x1 Heater.o
 .bss.static_u8UpPreviousState.1743
                0x00800073        0x1 Heater.o
 .bss.static_u8PreviousOnOffState.1738
                0x00800074        0x1 Heater.o
 .bss.static_u32SettingModeStartTime
                0x00800075        0x4 Heater.o
 .bss.static_u32LastDisplayUpdate
                0x00800079        0x4 Heater.o
 .bss.static_u32LastTempUpdate
                0x0080007d        0x4 Heater.o
 .bss.static_u32Millis
                0x00800081        0x4 Heater.o
 .bss.static_u8TempIndex
                0x00800085        0x1 Heater.o
 .bss.static_u8TempReadings
                0x00800086        0xa Heater.o
 .bss.static_u8CoolerState
                0x00800090        0x1 Heater.o
 .bss.static_u8HeaterState
                0x00800091        0x1 Heater.o
 .bss.static_u8SettingMode
                0x00800092        0x1 Heater.o
 .bss.static_u8SystemState
                0x00800093        0x1 Heater.o
 *(COMMON)
                0x00800094                PROVIDE (__bss_end, .)
                0x00000c52                __data_load_start = LOADADDR (.data)
                0x00000c60                __data_load_end = (__data_load_start + SIZEOF (.data))

.noinit         0x00800094        0x0
                [!provide]                PROVIDE (__noinit_start, .)
 *(.noinit*)
                [!provide]                PROVIDE (__noinit_end, .)
                0x00800094                _end = .
                [!provide]                PROVIDE (__heap_start, .)

.eeprom         0x00810000        0x0
 *(.eeprom*)
                0x00810000                __eeprom_end = .

.fuse
 *(.fuse)
 *(.lfuse)
 *(.hfuse)
 *(.efuse)

.lock
 *(.lock*)

.signature
 *(.signature*)

.user_signatures
 *(.user_signatures*)

.stab
 *(.stab)

.stabstr
 *(.stabstr)

.stab.excl
 *(.stab.excl)

.stab.exclstr
 *(.stab.exclstr)

.stab.index
 *(.stab.index)

.stab.indexstr
 *(.stab.indexstr)

.comment        0x00000000       0x30
 *(.comment)
 .comment       0x00000000       0x30 HAL/COOLER/COOLER_program.o
                                 0x31 (size before relaxing)
 .comment       0x00000030       0x31 HAL/HEATER/HEATER_program.o
 .comment       0x00000030       0x31 HAL/LED/LED_program.o
 .comment       0x00000030       0x31 HAL/SSD/SSD_program.o
 .comment       0x00000030       0x31 HAL/SWITCH/Switch_program.o
 .comment       0x00000030       0x31 Heater.o
 .comment       0x00000030       0x31 main.o
 .comment       0x00000030       0x31 MCAL/ADC/ADC_program.o
 .comment       0x00000030       0x31 MCAL/DIO/DIO_program.o
 .comment       0x00000030       0x31 MCAL/EEPROM/EEPROM_program.o
 .comment       0x00000030       0x31 MCAL/TIMER/TMR0_program.o

.note.gnu.avr.deviceinfo
                0x00000000       0x3c
 .note.gnu.avr.deviceinfo
                0x00000000       0x3c D:/programs/Atmel/7.0/Packs/atmel/ATmega_DFP/1.7.374/gcc/dev/atmega32/avr5/crtatmega32.o

.note.gnu.build-id
 *(.note.gnu.build-id)

.debug
 *(.debug)

.line
 *(.line)

.debug_srcinfo
 *(.debug_srcinfo)

.debug_sfnames
 *(.debug_sfnames)

.debug_aranges  0x00000000      0x280
 *(.debug_aranges)
 .debug_aranges
                0x00000000       0x30 HAL/COOLER/COOLER_program.o
 .debug_aranges
                0x00000030       0x30 HAL/HEATER/HEATER_program.o
 .debug_aranges
                0x00000060       0x38 HAL/LED/LED_program.o
 .debug_aranges
                0x00000098       0x28 HAL/SSD/SSD_program.o
 .debug_aranges
                0x000000c0       0x28 HAL/SWITCH/Switch_program.o
 .debug_aranges
                0x000000e8       0x60 Heater.o
 .debug_aranges
                0x00000148       0x20 main.o
 .debug_aranges
                0x00000168       0x28 MCAL/ADC/ADC_program.o
 .debug_aranges
                0x00000190       0x70 MCAL/DIO/DIO_program.o
 .debug_aranges
                0x00000200       0x28 MCAL/EEPROM/EEPROM_program.o
 .debug_aranges
                0x00000228       0x58 MCAL/TIMER/TMR0_program.o

.debug_pubnames
 *(.debug_pubnames)

.debug_info     0x00000000     0x1e17
 *(.debug_info .gnu.linkonce.wi.*)
 .debug_info    0x00000000      0x4e6 D:/programs/Atmel/7.0/Packs/atmel/ATmega_DFP/1.7.374/gcc/dev/atmega32/avr5/crtatmega32.o
 .debug_info    0x000004e6      0x125 HAL/COOLER/COOLER_program.o
 .debug_info    0x0000060b      0x125 HAL/HEATER/HEATER_program.o
 .debug_info    0x00000730      0x20e HAL/LED/LED_program.o
 .debug_info    0x0000093e      0x1f2 HAL/SSD/SSD_program.o
 .debug_info    0x00000b30      0x175 HAL/SWITCH/Switch_program.o
 .debug_info    0x00000ca5      0x8c2 Heater.o
 .debug_info    0x00001567      0x1ec main.o
 .debug_info    0x00001753      0x155 MCAL/ADC/ADC_program.o
 .debug_info    0x000018a8      0x2f8 MCAL/DIO/DIO_program.o
 .debug_info    0x00001ba0       0xf0 MCAL/EEPROM/EEPROM_program.o
 .debug_info    0x00001c90      0x187 MCAL/TIMER/TMR0_program.o

.debug_abbrev   0x00000000      0xd06
 *(.debug_abbrev)
 .debug_abbrev  0x00000000      0x4a3 D:/programs/Atmel/7.0/Packs/atmel/ATmega_DFP/1.7.374/gcc/dev/atmega32/avr5/crtatmega32.o
 .debug_abbrev  0x000004a3       0x7c HAL/COOLER/COOLER_program.o
 .debug_abbrev  0x0000051f       0x7c HAL/HEATER/HEATER_program.o
 .debug_abbrev  0x0000059b       0x8d HAL/LED/LED_program.o
 .debug_abbrev  0x00000628       0xc4 HAL/SSD/SSD_program.o
 .debug_abbrev  0x000006ec       0xbf HAL/SWITCH/Switch_program.o
 .debug_abbrev  0x000007ab      0x185 Heater.o
 .debug_abbrev  0x00000930      0x109 main.o
 .debug_abbrev  0x00000a39       0x94 MCAL/ADC/ADC_program.o
 .debug_abbrev  0x00000acd       0xea MCAL/DIO/DIO_program.o
 .debug_abbrev  0x00000bb7       0x6f MCAL/EEPROM/EEPROM_program.o
 .debug_abbrev  0x00000c26       0xe0 MCAL/TIMER/TMR0_program.o

.debug_line     0x00000000     0x126c
 *(.debug_line .debug_line.* .debug_line_end)
 .debug_line    0x00000000      0x116 D:/programs/Atmel/7.0/Packs/atmel/ATmega_DFP/1.7.374/gcc/dev/atmega32/avr5/crtatmega32.o
 .debug_line    0x00000116       0xa3 HAL/COOLER/COOLER_program.o
 .debug_line    0x000001b9       0xa3 HAL/HEATER/HEATER_program.o
 .debug_line    0x0000025c       0xea HAL/LED/LED_program.o
 .debug_line    0x00000346       0xdd HAL/SSD/SSD_program.o
 .debug_line    0x00000423       0xe8 HAL/SWITCH/Switch_program.o
 .debug_line    0x0000050b      0x522 Heater.o
 .debug_line    0x00000a2d      0x121 main.o
 .debug_line    0x00000b4e      0x121 MCAL/ADC/ADC_program.o
 .debug_line    0x00000c6f      0x411 MCAL/DIO/DIO_program.o
 .debug_line    0x00001080       0xa8 MCAL/EEPROM/EEPROM_program.o
 .debug_line    0x00001128      0x144 MCAL/TIMER/TMR0_program.o

.debug_frame    0x00000000      0x488
 *(.debug_frame)
 .debug_frame   0x00000000       0x44 HAL/COOLER/COOLER_program.o
 .debug_frame   0x00000044       0x44 HAL/HEATER/HEATER_program.o
 .debug_frame   0x00000088       0x54 HAL/LED/LED_program.o
 .debug_frame   0x000000dc       0x34 HAL/SSD/SSD_program.o
 .debug_frame   0x00000110       0x50 HAL/SWITCH/Switch_program.o
 .debug_frame   0x00000160      0x144 Heater.o
 .debug_frame   0x000002a4       0x24 main.o
 .debug_frame   0x000002c8       0x34 MCAL/ADC/ADC_program.o
 .debug_frame   0x000002fc       0xc4 MCAL/DIO/DIO_program.o
 .debug_frame   0x000003c0       0x34 MCAL/EEPROM/EEPROM_program.o
 .debug_frame   0x000003f4       0x94 MCAL/TIMER/TMR0_program.o

.debug_str      0x00000000      0xcd5
 *(.debug_str)
 .debug_str     0x00000000      0x196 D:/programs/Atmel/7.0/Packs/atmel/ATmega_DFP/1.7.374/gcc/dev/atmega32/avr5/crtatmega32.o
 .debug_str     0x00000196      0x18d HAL/COOLER/COOLER_program.o
                                0x1b4 (size before relaxing)
 .debug_str     0x00000323       0x4c HAL/HEATER/HEATER_program.o
                                0x1b4 (size before relaxing)
 .debug_str     0x0000036f       0x99 HAL/LED/LED_program.o
                                0x201 (size before relaxing)
 .debug_str     0x00000408       0xac HAL/SSD/SSD_program.o
                                0x214 (size before relaxing)
 .debug_str     0x000004b4       0xb8 HAL/SWITCH/Switch_program.o
                                0x20c (size before relaxing)
 .debug_str     0x0000056c      0x45f Heater.o
                                0x698 (size before relaxing)
 .debug_str     0x000009cb       0x7a main.o
                                0x252 (size before relaxing)
 .debug_str     0x00000a45       0x67 MCAL/ADC/ADC_program.o
                                0x275 (size before relaxing)
 .debug_str     0x00000aac      0x118 MCAL/DIO/DIO_program.o
                                0x2ea (size before relaxing)
 .debug_str     0x00000bc4       0x4c MCAL/EEPROM/EEPROM_program.o
                                0x1b1 (size before relaxing)
 .debug_str     0x00000c10       0xc5 MCAL/TIMER/TMR0_program.o
                                0x250 (size before relaxing)

.debug_loc      0x00000000      0xdf7
 *(.debug_loc)
 .debug_loc     0x00000000      0x1e0 HAL/LED/LED_program.o
 .debug_loc     0x000001e0       0xb5 HAL/SSD/SSD_program.o
 .debug_loc     0x00000295      0x188 HAL/SWITCH/Switch_program.o
 .debug_loc     0x0000041d      0x3a7 Heater.o
 .debug_loc     0x000007c4       0x74 MCAL/ADC/ADC_program.o
 .debug_loc     0x00000838      0x53f MCAL/DIO/DIO_program.o
 .debug_loc     0x00000d77       0x58 MCAL/EEPROM/EEPROM_program.o
 .debug_loc     0x00000dcf       0x28 MCAL/TIMER/TMR0_program.o

.debug_macinfo
 *(.debug_macinfo)

.debug_weaknames
 *(.debug_weaknames)

.debug_funcnames
 *(.debug_funcnames)

.debug_typenames
 *(.debug_typenames)

.debug_varnames
 *(.debug_varnames)

.debug_pubtypes
 *(.debug_pubtypes)

.debug_ranges   0x00000000      0x1e8
 *(.debug_ranges)
 .debug_ranges  0x00000000       0x20 HAL/COOLER/COOLER_program.o
 .debug_ranges  0x00000020       0x20 HAL/HEATER/HEATER_program.o
 .debug_ranges  0x00000040       0x28 HAL/LED/LED_program.o
 .debug_ranges  0x00000068       0x18 HAL/SSD/SSD_program.o
 .debug_ranges  0x00000080       0x18 HAL/SWITCH/Switch_program.o
 .debug_ranges  0x00000098       0x68 Heater.o
 .debug_ranges  0x00000100       0x10 main.o
 .debug_ranges  0x00000110       0x18 MCAL/ADC/ADC_program.o
 .debug_ranges  0x00000128       0x60 MCAL/DIO/DIO_program.o
 .debug_ranges  0x00000188       0x18 MCAL/EEPROM/EEPROM_program.o
 .debug_ranges  0x000001a0       0x48 MCAL/TIMER/TMR0_program.o

.debug_macro
 *(.debug_macro)
OUTPUT(Heater.elf elf32-avr)
LOAD linker stubs
